<html>
<body>
<pre>
<h1>礦ision Build Log</h1>
<h2>Project:</h2>
C:\Users\gzy\Desktop\WeightMeasrue - 1\WeightMeasure.uvproj
Project File Date:  04/04/2015

<h2>Output:</h2>
Build target 'Target 1'
compiling main.c...
USER\main.c(47): warning:  #223-D: function "AD_GPIOConfig" declared implicitly
        AD_GPIOConfig();
USER\main.c(48): warning:  #223-D: function "Init_Usart" declared implicitly
        Init_Usart();
USER\main.c(49): warning:  #223-D: function "Usart_Configuration" declared implicitly
    Usart_Configuration(115200);
USER\main.c(50): warning:  #223-D: function "USART1_IRQHandler" declared implicitly
        USART1_IRQHandler(); //串口中断设置，可选
USER\main.c(51): warning:  #223-D: function "Tim_GPIO_Config" declared implicitly
        Tim_GPIO_Config();
USER\main.c(52): warning:  #223-D: function "Tim_Config" declared implicitly
        Tim_Config();
USER\main.c(55): warning:  #223-D: function "ReadCount" declared implicitly
                AdVal=ReadCount();
USER\main.c(87): warning:  #1-D: last line of file ends without a newline
  }
USER\main.c: 8 warnings, 0 errors
linking...
Program Size: Code=8980 RO-data=268 RW-data=60 ZI-data=1636  
".\WeightMeasure.axf" - 0 Error(s), 8 Warning(s).
</pre>
</body>
</html>
top\\WeightMeasrue - 1\\WeightMeasure.axf" 
Set JLink Project File to "C:\Users\gzy\Desktop\WeightMeasrue - 1\JLinkSettings.ini"
* JLink Info: Device "STM32F103C8" selected (64 KB flash, 20 KB RAM).
 
JLink info:
------------
DLL: V4.80g, compiled Feb 13 2014 20:50:02
Firmware: J-Link ARM-OB STM32 compiled Aug 22 2012 19:52:04
Hardware: V7.00
S/N : 20090928 
Feature(s) : RDI,FlashDL,FlashBP,JFlash,GDBFull 
 
* JLink Info: Found SWD-DP with ID 0x1BA01477
* JLink Info: Found SWD-DP with ID 0x1BA01477
* JLink Info: Found Cortex-M3 r1p1, Little endian.
* JLink Info: FPUnit: 6 code (BP) slots and 2 literal slots
* JLink Info: TPIU fitted.
ROMTableAddr = 0xE00FF003
 
Target info:
------------
Device: STM32F103C8
VTarget = 3.300V
State of Pins: 
TCK: 0, TDI: 0, TDO: 1, TMS: 0, TRES: 1, TRST: 1
Hardware-Breakpoints: 6
Software-Breakpoints: 8192
Watchpoints:          4
JTAG speed: 2000 kHz
 
Erase Done.
Programming Done.
Verify OK.
Application running ...
